ERROR: Backup directory "C:\Users\RODBAU~1\AppData\Local\Temp" is invalid. No Info.plist found for UDID 206cab4e197a3672ef8c418ffd9564c3f96dd64a.
